### job: build  run: 20  sha: 10714f4c103d5842ff2bdf41a15425cdb5c1e51f
### errors and failures
w: file:///home/runner/work/Leaf/Leaf/app/build.gradle.kts:22:9: 'resourceConfigurations: MutableSet<String>' is deprecated. Support for resource configurations will be removed. For language resource configurations in applications, use androidResources.localeFilters.
w: file:///home/runner/work/Leaf/Leaf/app/src/main/java/app/leaf/reader/di/AppModule.kt:27:14 'fun fallbackToDestructiveMigrationOnDowngrade(): RoomDatabase.Builder<LeafDatabase>' is deprecated. Replace by overloaded version with parameter to indicate if all tables should be dropped or not.
w: file:///home/runner/work/Leaf/Leaf/app/src/main/java/app/leaf/reader/di/AppModule.kt:58:5 'fun <reified T : ViewModel> Module.viewModel(qualifier: Qualifier? = ..., noinline definition: Scope.(ParametersHolder) -> T): KoinDefinition<T>' is deprecated. Moved ViewModel DSL package. Remove old imports and use org.koin.core.module.dsl.*.
w: file:///home/runner/work/Leaf/Leaf/app/src/test/java/app/leaf/reader/SettingsStoreTest.kt:46:36 This declaration needs opt-in. Its usage should be marked with '@kotlinx.coroutines.ExperimentalCoroutinesApi' or '@OptIn(kotlinx.coroutines.ExperimentalCoroutinesApi::class)'
w: file:///home/runner/work/Leaf/Leaf/app/src/test/java/app/leaf/reader/SettingsStoreTest.kt:90:36 This declaration needs opt-in. Its usage should be marked with '@kotlinx.coroutines.ExperimentalCoroutinesApi' or '@OptIn(kotlinx.coroutines.ExperimentalCoroutinesApi::class)'
w: file:///home/runner/work/Leaf/Leaf/app/src/test/java/app/leaf/reader/SettingsStoreTest.kt:116:36 This declaration needs opt-in. Its usage should be marked with '@kotlinx.coroutines.ExperimentalCoroutinesApi' or '@OptIn(kotlinx.coroutines.ExperimentalCoroutinesApi::class)'

### test failure details
app/build/test-results/testDebugUnitTest/TEST-app.leaf.reader.DocumentRepositoryTest.xml
<testcase name="delete_then_undo_restores_everything_attached_to_the_document"
<testcase name="seed_sizes_and_page_counts_match_the_mockup"
<testcase name="documents_carry_their_tags"
<testcase name="tag_filter_uses_and_semantics"
<testcase name="smart_collections_round_trip_their_rules"
<testcase name="library_rows_carry_progress_bookmarks_and_highlights"
app/build/test-results/testDebugUnitTest/TEST-app.leaf.reader.LeafPressTest.xml
<testcase name="reaching_470_ms_opens_actions_once_and_swallows_the_release_tap"
<testcase name="release_before_470_ms_is_a_tap_and_never_opens_actions"
app/build/test-results/testDebugUnitTest/TEST-app.leaf.reader.LibraryQueryTest.xml
<testcase name="sorting_applies_inside_the_open_group"
<testcase name="smart_counts_reflect_the_other_filters"
<testcase name="folder_collection_and_tags_compose"
<testcase name="the_overview_shows_when_grouping_is_on_and_no_group_is_open"
<testcase name="tag_filters_narrow_every_other_dimension"
<testcase name="folder_counts_ignore_the_selected_folder_but_keep_the_tags"
<testcase name="the_open_group_narrows_the_rows_without_touching_the_counts"
<testcase name="tags_use_and_semantics"
<testcase name="grouping_off_means_one_flat_list"
<testcase name="a_group_that_the_filters_emptied_falls_back_to_the_overview"
<testcase name="every_smart_rule_matches_what_it_says"
<testcase name="group_cards_follow_the_fixed_type_order_and_sum_their_documents"
<testcase name="a_folder_counts_its_whole_subtree"
app/build/test-results/testDebugUnitTest/TEST-app.leaf.reader.LibrarySortTest.xml
<testcase name="last_opened_ascending_puts_the_most_recent_first"
<testcase name="name_sorting_is_case_insensitive_and_ties_break_on_the_name"
<testcase name="descending_reverses_the_field_but_not_the_tie_break"
<testcase name="a_document_that_was_never_opened_sorts_as_the_oldest"
<testcase name="sorting_does_not_mutate_the_input"
<testcase name="date_added_ascending_puts_the_newest_first"
<testcase name="file_size_ascending_puts_the_largest_first"
app/build/test-results/testDebugUnitTest/TEST-app.leaf.reader.OrganiseTest.xml
<testcase name="a_collection_keeps_its_rule_after_a_round_trip"
<testcase name="a_duplicate_collection_is_rejected_and_a_fresh_one_is_accepted"
<testcase name="a_nested_folder_is_reparented_to_the_deleted_parents_parent"
<testcase name="a_new_folder_takes_the_next_palette_swatch"
<testcase name="deleting_a_tag_unfiles_every_document_but_deletes_none_of_them"
<testcase name="deleting_a_folder_reparents_its_documents_and_its_children"
<testcase name="renaming_a_tag_cascades_to_every_document"
<testcase name="a_duplicate_tag_is_rejected_and_a_fresh_one_is_accepted"
app/build/test-results/testDebugUnitTest/TEST-app.leaf.reader.RenameTest.xml
<testcase name="typing_your_own_extension_is_respected"
<testcase name="typing_a_plain_name_keeps_the_extension"
<testcase name="a_document_without_an_extension_stays_without_one"
<testcase name="surrounding_space_is_trimmed"
<testcase name="an_empty_name_keeps_the_current_one"
<testcase name="typing_another_extension_keeps_the_one_you_typed"
app/build/test-results/testDebugUnitTest/TEST-app.leaf.reader.SeedDataTest.xml
<testcase name="seed_populates_the_whole_demo_library"
<testcase name="seed_includes_the_spreadsheet_and_the_deck"
<testcase name="seed_resolves_highlight_offsets_against_the_page_text"
<testcase name="seed_writes_a_reading_position_for_every_document"
<testcase name="seed_stores_one_recent_entry_per_document_newest_first"
<testcase name="seeding_twice_does_not_duplicate_the_library"
app/build/test-results/testDebugUnitTest/TEST-app.leaf.reader.SettingsStoreTest.xml
<testcase name="unknown_values_fall_back_to_the_default"
<testcase name="updates_persist"
<testcase name="defaults_match_the_mockup"
<testcase name="a_legacy_file_type_sort_becomes_the_grouped_view"
app/build/test-results/testDebugUnitTest/TEST-app.leaf.reader.TimeAgoTest.xml
<testcase name="a_missing_timestamp_is_never"
<testcase name="a_week_or_more_is_a_date"
<testcase name="under_a_minute_is_just_now"
<testcase name="minutes_start_at_sixty_seconds"
<testcase name="hours_start_at_sixty_minutes"
<testcase name="days_start_at_twenty_four_hours"
<testcase name="a_timestamp_in_the_future_clamps_to_just_now"
app/build/test-results/testDebugUnitTest/TEST-app.leaf.reader.screenshots.FavoritesScreenshotTest.xml
<testcase name="favorites_700_light"
<testcase name="favorites_412_light"
<testcase name="favorites_360_light"
<testcase name="favorites_700_dark"
<testcase name="favorites_412_dark"
<testcase name="favorites_360_dark"
app/build/test-results/testDebugUnitTest/TEST-app.leaf.reader.screenshots.LibraryScreenshotTest.xml
<testcase name="library_360_dark"
<testcase name="library_700_dark"
<testcase name="library_412_dark"
<testcase name="library_700_light"
<testcase name="library_412_light"
<testcase name="library_360_light"
app/build/test-results/testDebugUnitTest/TEST-app.leaf.reader.screenshots.RecentsScreenshotTest.xml
<testcase name="recents_360_dark"
<testcase name="recents_700_light"
<testcase name="recents_412_light"
<testcase name="recents_360_light"
<testcase name="recents_700_dark"
<testcase name="recents_412_dark"
app/build/test-results/testDebugUnitTest/TEST-app.leaf.reader.screenshots.SearchScreenshotTest.xml
<testcase name="search_700_light"
<testcase name="search_412_light"
<testcase name="search_700_dark"
<testcase name="search_412_dark"
<testcase name="search_360_light"
<testcase name="search_360_dark"
app/build/test-results/testDebugUnitTest/TEST-app.leaf.reader.screenshots.SettingsScreenshotTest.xml
<testcase name="settings_700_dark"
<testcase name="settings_412_dark"
<testcase name="settings_700_light"
<testcase name="settings_412_light"
<testcase name="settings_360_light"
<testcase name="settings_360_dark"

### tail of the console
Fetching distribution.
Downloading https://services.gradle.org/distributions/gradle-8.13-bin.zip
.............10%.............20%.............30%.............40%.............50%.............60%.............70%.............80%.............90%.............100%

Welcome to Gradle 8.13!

Here are the highlights of this release:
 - Daemon JVM auto-provisioning
 - Enhancements for Scala plugin and JUnit testing
 - Improvements for build authors and plugin developers

For more details see https://docs.gradle.org/8.13/release-notes.html

To honour the JVM settings for this build a single-use Daemon process will be forked. For more on this, please refer to https://docs.gradle.org/8.13/userguide/gradle_daemon.html#sec:disabling_the_daemon in the Gradle documentation.
Daemon will be stopped at the end of the build 

> Configure project :app
w: file:///home/runner/work/Leaf/Leaf/app/build.gradle.kts:22:9: 'resourceConfigurations: MutableSet<String>' is deprecated. Support for resource configurations will be removed. For language resource configurations in applications, use androidResources.localeFilters.

> Task :app:checkKotlinGradlePluginConfigurationErrors SKIPPED
> Task :app:preBuild UP-TO-DATE
> Task :app:preDebugBuild UP-TO-DATE
> Task :app:checkDebugAarMetadata
> Task :app:processDebugNavigationResources
> Task :app:generateDebugResValues
> Task :app:compileDebugNavigationResources
> Task :app:mapDebugSourceSetPaths
> Task :app:generateDebugResources
> Task :app:packageDebugResources
> Task :app:mergeDebugResources
> Task :app:createDebugCompatibleScreenManifests
> Task :app:extractDeepLinksDebug
> Task :app:parseDebugLocalResources
> Task :app:processDebugMainManifest
> Task :app:processDebugManifest
> Task :app:preDebugAndroidTestBuild SKIPPED
> Task :app:generateDebugAndroidTestResValues
> Task :app:javaPreCompileDebug
> Task :app:extractProguardFiles
> Task :app:preDebugUnitTestBuild UP-TO-DATE
> Task :app:javaPreCompileDebugUnitTest
> Task :app:mergeDebugShaders
> Task :app:compileDebugShaders NO-SOURCE
> Task :app:generateDebugAssets UP-TO-DATE
> Task :app:mergeDebugAssets
> Task :app:processDebugUnitTestManifest
> Task :app:processDebugManifestForPackage
> Task :app:processDebugResources
> Task :app:packageDebugUnitTestForUnitTest
> Task :app:generateDebugUnitTestConfig
> Task :app:kspDebugKotlin

> Task :app:compileDebugKotlin
w: file:///home/runner/work/Leaf/Leaf/app/src/main/java/app/leaf/reader/di/AppModule.kt:27:14 'fun fallbackToDestructiveMigrationOnDowngrade(): RoomDatabase.Builder<LeafDatabase>' is deprecated. Replace by overloaded version with parameter to indicate if all tables should be dropped or not.
w: file:///home/runner/work/Leaf/Leaf/app/src/main/java/app/leaf/reader/di/AppModule.kt:58:5 'fun <reified T : ViewModel> Module.viewModel(qualifier: Qualifier? = ..., noinline definition: Scope.(ParametersHolder) -> T): KoinDefinition<T>' is deprecated. Moved ViewModel DSL package. Remove old imports and use org.koin.core.module.dsl.*.

> Task :app:compileDebugJavaWithJavac NO-SOURCE
> Task :app:bundleDebugClassesToCompileJar
> Task :app:generateDebugLintReportModel
> Task :app:generateDebugAndroidTestLintModel
> Task :app:generateDebugUnitTestLintModel
> Task :app:bundleDebugClassesToRuntimeJar
> Task :app:kspDebugUnitTestKotlin

> Task :app:compileDebugUnitTestKotlin
w: file:///home/runner/work/Leaf/Leaf/app/src/test/java/app/leaf/reader/SettingsStoreTest.kt:46:36 This declaration needs opt-in. Its usage should be marked with '@kotlinx.coroutines.ExperimentalCoroutinesApi' or '@OptIn(kotlinx.coroutines.ExperimentalCoroutinesApi::class)'
w: file:///home/runner/work/Leaf/Leaf/app/src/test/java/app/leaf/reader/SettingsStoreTest.kt:90:36 This declaration needs opt-in. Its usage should be marked with '@kotlinx.coroutines.ExperimentalCoroutinesApi' or '@OptIn(kotlinx.coroutines.ExperimentalCoroutinesApi::class)'
w: file:///home/runner/work/Leaf/Leaf/app/src/test/java/app/leaf/reader/SettingsStoreTest.kt:116:36 This declaration needs opt-in. Its usage should be marked with '@kotlinx.coroutines.ExperimentalCoroutinesApi' or '@OptIn(kotlinx.coroutines.ExperimentalCoroutinesApi::class)'

> Task :app:compileDebugUnitTestJavaWithJavac NO-SOURCE
> Task :app:processDebugJavaRes
> Task :app:processDebugUnitTestJavaRes
> Task :app:lintAnalyzeDebugAndroidTest
> Task :app:lintAnalyzeDebug
> Task :app:lintAnalyzeDebugUnitTest
> Task :app:testDebugUnitTest
> Task :app:finalizeTestRoborazziDebug SKIPPED

> Task :app:lintReportDebug
Wrote HTML report to file:///home/runner/work/Leaf/Leaf/app/build/reports/lint-results-debug.html

> Task :app:lintDebug
> Task :app:lint
gradle/actions: Writing build results to /home/runner/work/_temp/.gradle-actions/build-results/__run-1791387612940.json

BUILD SUCCESSFUL in 4m 1s
41 actionable tasks: 41 executed
